{"BR": {"BR_id": "512", "BR_author": "hadusam", "BRopenT": "2019-10-08T02:45:23Z", "BRcloseT": "2019-10-29T06:09:59Z", "BR_text": {"BRsummary": "DLK tests for segmentation fail on Arm with hard_quantize=False", "BRdescription": "\n On <denchmark-link:https://github.com/blue-oil/blueoil/pull/511>#511</denchmark-link>\n ,  I tried to add DLK tests for the segmentation task on Arm, but the tests failed when .\n Is it correct behavior or not?\n In Classification and Object Detection, hard_quantize=False is tested and passed, so I think this is a bug.\n \n Buildkite logs\n https://buildkite.com/blueoil/dlk-test/builds/588#053d1c6d-329a-440f-ba11-60a2109bd387/67-1276\n \n \t"}, "comments": {"comments_0": {"comment_id": 1, "comment_author": "hadusam", "commentT": "2019-10-08T03:59:46Z", "comment_text": "\n \t\tI found that Out of memory occurred on Arm device when running generated library.\n <denchmark-h:h2>How to reproduce this error</denchmark-h>\n \n <denchmark-code>### Generate library file for Arm with hard_quantize=False\n # docker run --rm -it -v $(pwd)/tmp:/output blueoil/blueoil:latest python dlk/python/dlk/scripts/generate_project.py -i dlk/examples/segmentation/lm_segnet_v1_quantize_camvid/minimal_graph_with_shape.pb -o /output\n # docker run --rm -it -v $(pwd)/tmp:/output blueoil/blueoil:latest bash -c \"cd /output/None.prj && cmake -DTOOLCHAIN_NAME=linux_arm -DUSE_NEON=1 . && make lib -j8\"\n # ls -l tmp/None.prj/*.so\n -rwxr-xr-x 1 root root 10341428 10\u6708  8 12:12 tmp/None.prj/lib_arm.so\n </denchmark-code>\n \n Put that library and some files to Arm machine.\n \n lib_arm.so\n dlk/python/dlk/scripts/pylib/nnlib.py\n dlk/examples/segmentation/lm_segnet_v1_quantize_camvid/network_input_output.tar.gz\n \n And run the following commands.\n <denchmark-code># cd [your work dir]\n # ls\n lib_arm.so  network_input_output.tar.gz\n # tar xvf network_input_output.tar.gz\n # python\n >>> import numpy as np\n >>> from nnlib import NNLib as NNLib\n >>> \n >>> nn = NNLib()\n >>> nn.load(\"./lib_arm.so\")\n True\n >>> nn.init()\n True\n >>> \n >>> proc_input = np.load(\"./network_input_output/000_images_placeholder:0.npy\")\n >>> batched_proc_input = np.expand_dims(proc_input, axis=0)\n >>> nn.run(batched_proc_input)\n Killed\n </denchmark-code>\n \n I found that Out of memory occurred (/var/log/syslog)\n <denchmark-code>Oct  8 03:43:20 blueoil-de10nano-staging-01 kernel: [ 1239.665832] python invoked oom-killer: gfp_mask=0x26084c0, order=0, oom_score_adj=0\n
Oct  8 03:43:20 blueoil-de10nano-staging-01 kernel: [ 1239.665848] python cpuset=/ mems_allowed=0\n
Oct  8 03:43:20 blueoil-de10nano-staging-01 kernel: [ 1239.665871] CPU: 1 PID: 2087 Comm: python Tainted: G           O    4.5.0 #1\n
Oct  8 03:43:20 blueoil-de10nano-staging-01 kernel: [ 1239.665878] Hardware name: Altera SOCFPGA\n
Oct  8 03:43:20 blueoil-de10nano-staging-01 kernel: [ 1239.665921] [<c0018b1c>] (unwind_backtrace) from [<c00144ec>] (show_stack+0x20/0x24)\n
Oct  8 03:43:20 blueoil-de10nano-staging-01 kernel: [ 1239.665941] [<c00144ec>] (show_stack) from [<c02f1724>] (dump_stack+0x90/0xa4)\n
Oct  8 03:43:20 blueoil-de10nano-staging-01 kernel: [ 1239.665962] [<c02f1724>] (dump_stack) from [<c01343b0>] (dump_header.constprop.7+0x5c/0x16c)\n
Oct  8 03:43:20 blueoil-de10nano-staging-01 kernel: [ 1239.665989] [<c01343b0>] (dump_header.constprop.7) from [<c00e985c>] (oom_kill_process+0x2a0/0x4c4)\n
Oct  8 03:43:20 blueoil-de10nano-staging-01 kernel: [ 1239.666006] [<c00e985c>] (oom_kill_process) from [<c00e9d9c>] (out_of_memory+0x2a8/0x340)\n
Oct  8 03:43:20 blueoil-de10nano-staging-01 kernel: [ 1239.666024] [<c00e9d9c>] (out_of_memory) from [<c00ef0e4>] (__alloc_pages_nodemask+0x950/0xb88)\n
Oct  8 03:43:20 blueoil-de10nano-staging-01 kernel: [ 1239.666042] [<c00ef0e4>] (__alloc_pages_nodemask) from [<c01110f8>] (__pte_alloc+0x34/0x158)\n
Oct  8 03:43:20 blueoil-de10nano-staging-01 kernel: [ 1239.666058] [<c01110f8>] (__pte_alloc) from [<c0113f20>] (handle_mm_fault+0x838/0xe40)\n
Oct  8 03:43:20 blueoil-de10nano-staging-01 kernel: [ 1239.666074] [<c0113f20>] (handle_mm_fault) from [<c001e6f8>] (do_page_fault+0x148/0x3b0)\n
Oct  8 03:43:20 blueoil-de10nano-staging-01 kernel: [ 1239.666088] [<c001e6f8>] (do_page_fault) from [<c001eaa4>] (do_translation_fault+0x88/0xc0)\n
Oct  8 03:43:20 blueoil-de10nano-staging-01 kernel: [ 1239.666102] [<c001eaa4>] (do_translation_fault) from [<c000929c>] (do_DataAbort+0x4c/0xcc)\n
Oct  8 03:43:20 blueoil-de10nano-staging-01 kernel: [ 1239.666115] [<c000929c>] (do_DataAbort) from [<c0015340>] (__dabt_usr+0x40/0x60)\n
Oct  8 03:43:20 blueoil-de10nano-staging-01 kernel: [ 1239.666123] Exception stack(0xd60ebfb0 to 0xd60ebff8)\n
Oct  8 03:43:20 blueoil-de10nano-staging-01 kernel: [ 1239.666134] bfa0:                                     00000480 01c7ad80 b0a00bf8 00006543\n
Oct  8 03:43:20 blueoil-de10nano-staging-01 kernel: [ 1239.666146] bfc0: bef176d8 bef176d8 00000004 bef17600 00000003 bef177d4 a68fc008 00000006\n
Oct  8 03:43:20 blueoil-de10nano-staging-01 kernel: [ 1239.666157] bfe0: 00000004 bef171f8 00000004 a8e38912 000f0030 ffffffff\n
Oct  8 03:43:20 blueoil-de10nano-staging-01 kernel: [ 1239.666164] Mem-Info:\n
Oct  8 03:43:20 blueoil-de10nano-staging-01 kernel: [ 1239.666184] active_anon:93913 inactive_anon:2410 isolated_anon:0\n
Oct  8 03:43:20 blueoil-de10nano-staging-01 kernel: [ 1239.666184]  active_file:6 inactive_file:25 isolated_file:0\n
Oct  8 03:43:20 blueoil-de10nano-staging-01 kernel: [ 1239.666184]  unevictable:0 dirty:2 writeback:0 unstable:0\n
Oct  8 03:43:20 blueoil-de10nano-staging-01 kernel: [ 1239.666184]  slab_reclaimable:1172 slab_unreclaimable:1444\n
Oct  8 03:43:20 blueoil-de10nano-staging-01 kernel: [ 1239.666184]  mapped:187 shmem:2459 pagetables:324 bounce:0\n
Oct  8 03:43:20 blueoil-de10nano-staging-01 kernel: [ 1239.666184]  free:10596 free_pcp:60 free_cma:9924\n
Oct  8 03:43:20 blueoil-de10nano-staging-01 kernel: [ 1239.666223] Normal free:42384kB min:2848kB low:3560kB high:4272kB active_anon:375652kB inactive_anon:9640kB active_file:76kB inactive_file:0kB unevictable:0kB isolated(anon):0kB isolated(file):100kB present:524288kB managed:508576kB mlocked:0kB dirty:8kB writeback:0kB mapped:748kB shmem:9836kB slab_reclaimable:4688kB slab_unreclaimable:5776kB kernel_stack:624kB pagetables:1296kB unstable:0kB bounce:0kB free_pcp:240kB local_pcp:0kB free_cma:39696kB writeback_tmp:0kB pages_scanned:1404 all_unreclaimable? yes\n
Oct  8 03:43:20 blueoil-de10nano-staging-01 kernel: [ 1239.666231] lowmem_reserve[]: 0 0\n
Oct  8 03:43:20 blueoil-de10nano-staging-01 kernel: [ 1239.666241] Normal: 96*4kB (MEC) 31*8kB (MEC) 41*16kB (UEC) 20*32kB (UME) 7*64kB (UEC) 3*128kB (UC) 1*256kB (U) 1*512kB (C) 0*1024kB 1*2048kB (C) 9*4096kB (C) = 42440kB\n
Oct  8 03:43:20 blueoil-de10nano-staging-01 kernel: [ 1239.666296] 2504 total pagecache pages\n
Oct  8 03:43:20 blueoil-de10nano-staging-01 kernel: [ 1239.666305] 0 pages in swap cache\n
Oct  8 03:43:20 blueoil-de10nano-staging-01 kernel: [ 1239.666312] Swap cache stats: add 0, delete 0, find 0/0\n
Oct  8 03:43:20 blueoil-de10nano-staging-01 kernel: [ 1239.666318] Free swap  = 0kB\n
Oct  8 03:43:20 blueoil-de10nano-staging-01 kernel: [ 1239.666323] Total swap = 0kB\n
Oct  8 03:43:20 blueoil-de10nano-staging-01 kernel: [ 1239.666328] 131072 pages RAM\n
Oct  8 03:43:20 blueoil-de10nano-staging-01 kernel: [ 1239.666333] 0 pages HighMem/MovableOnly\n
Oct  8 03:43:20 blueoil-de10nano-staging-01 kernel: [ 1239.666338] 3928 pages reserved\n
Oct  8 03:43:20 blueoil-de10nano-staging-01 kernel: [ 1239.666343] 32768 pages cma reserved\n
Oct  8 03:43:20 blueoil-de10nano-staging-01 kernel: [ 1239.666350] [ pid ]   uid  tgid total_vm      rss nr_ptes nr_pmds swapents oom_score_adj name\n
Oct  8 03:43:20 blueoil-de10nano-staging-01 kernel: [ 1239.666366] [  830]     0   830     1686      262       6       0        0             0 systemd-journal\n
Oct  8 03:43:20 blueoil-de10nano-staging-01 kernel: [ 1239.666378] [ 1302]     0  1302     2628      106       6       0        0         -1000 systemd-udevd\n
Oct  8 03:43:20 blueoil-de10nano-staging-01 kernel: [ 1239.666388] [ 1354]   100  1354     3062       58       5       0        0             0 systemd-timesyn\n
Oct  8 03:43:20 blueoil-de10nano-staging-01 kernel: [ 1239.666399] [ 1498]     0  1498      832       63       5       0        0             0 systemd-logind\n
Oct  8 03:43:20 blueoil-de10nano-staging-01 kernel: [ 1239.666409] [ 1500]   107  1500     1251      114       6       0        0          -900 dbus-daemon\n
Oct  8 03:43:20 blueoil-de10nano-staging-01 kernel: [ 1239.666421] [ 1502]     0  1502    18219      387      18       0        0             0 NetworkManager\n
Oct  8 03:43:20 blueoil-de10nano-staging-01 kernel: [ 1239.666431] [ 1503]   106  1503     7844      172       8       0        0             0 rsyslogd\n
Oct  8 03:43:20 blueoil-de10nano-staging-01 kernel: [ 1239.666441] [ 1554]     0  1554     9122      167      11       0        0             0 polkitd\n
Oct  8 03:43:20 blueoil-de10nano-staging-01 kernel: [ 1239.666451] [ 1625]     0  1625      992      153       4       0        0             0 dhclient\n
Oct  8 03:43:20 blueoil-de10nano-staging-01 kernel: [ 1239.666462] [ 1677]     0  1677     1995      128       7       0        0         -1000 sshd\n
Oct  8 03:43:20 blueoil-de10nano-staging-01 kernel: [ 1239.666473] [ 1683]   999  1683   204251     1315      17       0        0             0 buildkite-agent\n
Oct  8 03:43:20 blueoil-de10nano-staging-01 kernel: [ 1239.666484] [ 1689]     0  1689     1010       31       5       0        0             0 agetty\n
Oct  8 03:43:20 blueoil-de10nano-staging-01 kernel: [ 1239.666494] [ 1736]     0  1736     5644     2518      14       0        0             0 python3\n
Oct  8 03:43:20 blueoil-de10nano-staging-01 kernel: [ 1239.666504] [ 1791]     0  1791      452       29       3       0        0             0 agetty\n
Oct  8 03:43:20 blueoil-de10nano-staging-01 kernel: [ 1239.666515] [ 2021]     0  2021     2976      186       9       0        0             0 sshd\n
Oct  8 03:43:20 blueoil-de10nano-staging-01 kernel: [ 1239.666525] [ 2027]     0  2027     1205      124       6       0        0             0 systemd\n
Oct  8 03:43:20 blueoil-de10nano-staging-01 kernel: [ 1239.666535] [ 2030]     0  2030     6004      273       8       0        0             0 (sd-pam)\n
Oct  8 03:43:20 blueoil-de10nano-staging-01 kernel: [ 1239.666545] [ 2041]     0  2041     1873      335       6       0        0             0 bash\n
Oct  8 03:43:20 blueoil-de10nano-staging-01 kernel: [ 1239.666555] [ 2087]     0  2087   116874    87551     190       0        0             0 python\n
Oct  8 03:43:20 blueoil-de10nano-staging-01 kernel: [ 1239.666563] Out of memory: Kill process 2087 (python) score 669 or sacrifice child\n
Oct  8 03:43:20 blueoil-de10nano-staging-01 kernel: [ 1239.674114] Killed process 2087 (python) total-vm:467496kB, anon-rss:350204kB, file-rss:0kB, shmem-rss:0kB\n </denchmark-code>\n \n \t\t"}, "comments_1": {"comment_id": 2, "comment_author": "hadusam", "commentT": "2019-10-08T04:57:52Z", "comment_text": "\n \t\tmaybe related: <denchmark-link:https://github.com/blue-oil/blueoil/issues/473>#473</denchmark-link>\n  <denchmark-link:https://github.com/blue-oil/blueoil/issues/476>#476</denchmark-link>\n \n \t\t"}, "comments_2": {"comment_id": 3, "comment_author": "hadusam", "commentT": "2019-10-15T05:55:55Z", "comment_text": "\n \t\tkn2row buffer requires ~200MB memory...\n We must resolve <denchmark-link:https://github.com/blue-oil/blueoil/issues/476>#476</denchmark-link>\n  .\n \t\t"}}}, "commit": {"commit_id": "381efa4c4abe57cbca9f8dd6d19c2032237a165b", "commit_author": "prime number", "commitT": "2019-10-29 15:09:58+09:00", "commit_complexity": {"commit_NLOC": "1.0", "commit_CCN": "1.0", "commit_Nprams": "1.0"}, "changed_files": {"file_0": {"file_change_type": "MODIFY", "file_Nmethod": 1, "file_old_name": "dlk\\tests\\test_code_generation.py", "file_new_name": "dlk\\tests\\test_code_generation.py", "file_complexity": {"file_NLOC": "347", "file_CCN": "27", "file_NToken": "2260"}, "hunks": {"hunk_0": {"Ismethod": 1, "added_lines": "138,139", "deleted_lines": "138,139,140,141", "method_info": {"method_name": "get_configurations_arm", "method_params": "", "method_startline": "133", "method_endline": "143", "method_complexity": {"method_NLOC": "10", "method_CCN": "2", "method_NToken": "92", "method_nesting_level": "0"}}}}}}}}